                   from  n    params  module                                       arguments                     
  0                  -1  1       464  ultralytics.nn.modules.conv.Conv             [3, 16, 3, 2]                 
  1                  -1  1      4672  ultralytics.nn.modules.conv.Conv             [16, 32, 3, 2]                
  2                  -1  1      6640  ultralytics.nn.modules.block.C3k2            [32, 64, 1, False, 0.25]      
  3                  -1  1     36992  ultralytics.nn.modules.conv.Conv             [64, 64, 3, 2]                
  4                  -1  1     26080  ultralytics.nn.modules.block.C3k2            [64, 128, 1, False, 0.25]     
  5                  -1  1    147712  ultralytics.nn.modules.conv.Conv             [128, 128, 3, 2]              
  6                  -1  1     87040  ultralytics.nn.modules.block.C3k2            [128, 128, 1, True]           
  7                  -1  1    295424  ultralytics.nn.modules.conv.Conv             [128, 256, 3, 2]              
  8                  -1  1    346112  ultralytics.nn.modules.block.C3k2            [256, 256, 1, True]           
  9                  -1  1    164608  ultralytics.nn.modules.block.SPPF            [256, 256, 5]                 
 10                  -1  1    249728  ultralytics.nn.modules.block.C2PSA           [256, 256, 1]                 
 11                  -1  1         0  torch.nn.modules.upsampling.Upsample         [None, 2, 'nearest']          
 12             [-1, 6]  1         0  ultralytics.nn.modules.conv.Concat           [1]                           
 13                  -1  1    111296  ultralytics.nn.modules.block.C3k2            [384, 128, 1, False]          
 14                  -1  1         0  torch.nn.modules.upsampling.Upsample         [None, 2, 'nearest']          
 15             [-1, 4]  1         0  ultralytics.nn.modules.conv.Concat           [1]                           
 16                  -1  1     32096  ultralytics.nn.modules.block.C3k2            [256, 64, 1, False]           
 17                  -1  1     36992  ultralytics.nn.modules.conv.Conv             [64, 64, 3, 2]                
 18            [-1, 13]  1         0  ultralytics.nn.modules.conv.Concat           [1]                           
 19                  -1  1     86720  ultralytics.nn.modules.block.C3k2            [192, 128, 1, False]          
 20                  -1  1    147712  ultralytics.nn.modules.conv.Conv             [128, 128, 3, 2]              
 21            [-1, 10]  1         0  ultralytics.nn.modules.conv.Concat           [1]                           
 22                  -1  1    378880  ultralytics.nn.modules.block.C3k2            [384, 256, 1, True]           
 23        [16, 19, 22]  1    433012  ultralytics.nn.modules.head.Detect           [12, 16, None, [64, 128, 256]]
YOLO11n summary: 181 layers, 2,592,180 parameters, 2,592,164 gradients, 6.5 GFLOPs

Transferred 448/499 items from pretrained weights
Freezing layer 'model.23.dfl.conv.weight'
train: Fast image access  (ping: 0.10.0 ms, read: 2417.081.9 MB/s, size: 3166.2 KB)
train: Scanning C:\Users\luket\Documents\badger_cv_interview\data\labels\train... 44 images, 0 backgrounds, 0 corrupt: 100% ━━━━━━━━━━━━ 44/44 2.3Kit/s 0.0s
train: New cache created: C:\Users\luket\Documents\badger_cv_interview\data\labels\train.cache
val: Fast image access  (ping: 0.10.0 ms, read: 2164.9381.0 MB/s, size: 3075.0 KB)
val: Scanning C:\Users\luket\Documents\badger_cv_interview\data\labels\val... 12 images, 0 backgrounds, 0 corrupt: 100% ━━━━━━━━━━━━ 12/12 1.9Kit/s 0.0s
val: New cache created: C:\Users\luket\Documents\badger_cv_interview\data\labels\val.cache
optimizer: 'optimizer=auto' found, ignoring 'lr0=0.01' and 'momentum=0.937' and determining best 'optimizer', 'lr0' and 'momentum' automatically... 
optimizer: AdamW(lr=0.000625, momentum=0.9) with parameter groups 81 weight(decay=0.0), 88 weight(decay=0.0005), 87 bias(decay=0.0)
Plotting labels to C:\Users\luket\runs\detect\train\labels.jpg... 
Using 44 train, 12 val images for fraction=1.0 at imgsz=640
Using 0 dataloader workers
Logging results to C:\Users\luket\runs\detect\train
Starting training for 20 epochs...

      Epoch    GPU_mem   box_loss   cls_loss   dfl_loss  Instances       Size
       1/20         0G      0.755      3.911      1.171         33        640: 100% ━━━━━━━━━━━━ 3/3 3.1s/it 9.3s
                 Class     Images  Instances      Box(P          R      mAP50  mAP50-95): 100% ━━━━━━━━━━━━ 1/1 1.2s/it 1.2s
                   all         12         12     0.0038      0.833      0.046     0.0376

      Epoch    GPU_mem   box_loss   cls_loss   dfl_loss  Instances       Size
       2/20         0G     0.6103      3.931      1.118         29        640: 100% ━━━━━━━━━━━━ 3/3 2.2s/it 6.6s
                 Class     Images  Instances      Box(P          R      mAP50  mAP50-95): 100% ━━━━━━━━━━━━ 1/1 1.1s/it 1.1s
                   all         12         12    0.00489      0.833     0.0475     0.0358

      Epoch    GPU_mem   box_loss   cls_loss   dfl_loss  Instances       Size
       3/20         0G     0.5303      3.859      1.024         32        640: 100% ━━━━━━━━━━━━ 3/3 2.4s/it 7.3s
                 Class     Images  Instances      Box(P          R      mAP50  mAP50-95): 100% ━━━━━━━━━━━━ 1/1 1.3s/it 1.3s
                   all         12         12    0.00946      0.833      0.108     0.0972

      Epoch    GPU_mem   box_loss   cls_loss   dfl_loss  Instances       Size
       4/20         0G     0.5673      3.805      1.063         23        640: 100% ━━━━━━━━━━━━ 3/3 2.3s/it 7.0s
                 Class     Images  Instances      Box(P          R      mAP50  mAP50-95): 100% ━━━━━━━━━━━━ 1/1 1.2s/it 1.2s
                   all         12         12    0.00596      0.833      0.306      0.278

      Epoch    GPU_mem   box_loss   cls_loss   dfl_loss  Instances       Size
       5/20         0G     0.4835      3.665      0.976         29        640: 100% ━━━━━━━━━━━━ 3/3 2.2s/it 6.7s
                 Class     Images  Instances      Box(P          R      mAP50  mAP50-95): 100% ━━━━━━━━━━━━ 1/1 1.2s/it 1.2s
                   all         12         12     0.0267      0.917      0.363      0.321

      Epoch    GPU_mem   box_loss   cls_loss   dfl_loss  Instances       Size
       6/20         0G     0.5232       3.54     0.9739         25        640: 100% ━━━━━━━━━━━━ 3/3 2.5s/it 7.5s
                 Class     Images  Instances      Box(P          R      mAP50  mAP50-95): 100% ━━━━━━━━━━━━ 1/1 1.2s/it 1.2s
                   all         12         12     0.0267      0.917      0.363      0.321

      Epoch    GPU_mem   box_loss   cls_loss   dfl_loss  Instances       Size
       7/20         0G     0.5148      3.501     0.9763         23        640: 100% ━━━━━━━━━━━━ 3/3 2.2s/it 6.7s
                 Class     Images  Instances      Box(P          R      mAP50  mAP50-95): 100% ━━━━━━━━━━━━ 1/1 1.2s/it 1.2s
                   all         12         12      0.014      0.917      0.392      0.348

      Epoch    GPU_mem   box_loss   cls_loss   dfl_loss  Instances       Size
       8/20         0G      0.466      3.435     0.9679         30        640: 100% ━━━━━━━━━━━━ 3/3 2.3s/it 6.8s
                 Class     Images  Instances      Box(P          R      mAP50  mAP50-95): 100% ━━━━━━━━━━━━ 1/1 1.2s/it 1.2s
                   all         12         12     0.0303          1      0.503      0.471

      Epoch    GPU_mem   box_loss   cls_loss   dfl_loss  Instances       Size
       9/20         0G     0.4889      3.329     0.9986         26        640: 100% ━━━━━━━━━━━━ 3/3 2.2s/it 6.6s
                 Class     Images  Instances      Box(P          R      mAP50  mAP50-95): 100% ━━━━━━━━━━━━ 1/1 1.3s/it 1.3s
                   all         12         12     0.0223          1      0.451      0.414

      Epoch    GPU_mem   box_loss   cls_loss   dfl_loss  Instances       Size
      10/20         0G     0.4788      3.307      1.027         21        640: 100% ━━━━━━━━━━━━ 3/3 2.3s/it 6.9s
                 Class     Images  Instances      Box(P          R      mAP50  mAP50-95): 100% ━━━━━━━━━━━━ 1/1 1.2s/it 1.2s
                   all         12         12     0.0223          1      0.451      0.414
Closing dataloader mosaic

      Epoch    GPU_mem   box_loss   cls_loss   dfl_loss  Instances       Size
      11/20         0G     0.4039      3.624     0.9059         12        640: 100% ━━━━━━━━━━━━ 3/3 2.2s/it 6.6s
                 Class     Images  Instances      Box(P          R      mAP50  mAP50-95): 100% ━━━━━━━━━━━━ 1/1 1.2s/it 1.2s
                   all         12         12     0.0193          1      0.446      0.407

      Epoch    GPU_mem   box_loss   cls_loss   dfl_loss  Instances       Size
      12/20         0G     0.3989      3.461     0.9059         12        640: 100% ━━━━━━━━━━━━ 3/3 2.3s/it 6.9s
                 Class     Images  Instances      Box(P          R      mAP50  mAP50-95): 100% ━━━━━━━━━━━━ 1/1 1.4s/it 1.4s
                   all         12         12     0.0175          1      0.477      0.437

      Epoch    GPU_mem   box_loss   cls_loss   dfl_loss  Instances       Size
      13/20         0G     0.3892      3.322     0.8916         12        640: 100% ━━━━━━━━━━━━ 3/3 2.2s/it 6.7s
                 Class     Images  Instances      Box(P          R      mAP50  mAP50-95): 100% ━━━━━━━━━━━━ 1/1 1.2s/it 1.2s
                   all         12         12     0.0167          1      0.579      0.552

      Epoch    GPU_mem   box_loss   cls_loss   dfl_loss  Instances       Size
      14/20         0G     0.3952      3.189     0.9196         12        640: 100% ━━━━━━━━━━━━ 3/3 2.2s/it 6.7s
                 Class     Images  Instances      Box(P          R      mAP50  mAP50-95): 100% ━━━━━━━━━━━━ 1/1 1.3s/it 1.3s
                   all         12         12     0.0167          1      0.579      0.552

      Epoch    GPU_mem   box_loss   cls_loss   dfl_loss  Instances       Size
      15/20         0G     0.3916      3.173     0.9181         12        640: 100% ━━━━━━━━━━━━ 3/3 2.5s/it 7.6s
                 Class     Images  Instances      Box(P          R      mAP50  mAP50-95): 100% ━━━━━━━━━━━━ 1/1 2.0s/it 2.0s
                   all         12         12     0.0157          1      0.678      0.625

      Epoch    GPU_mem   box_loss   cls_loss   dfl_loss  Instances       Size
      16/20         0G     0.3803      3.199     0.9174         12        640: 100% ━━━━━━━━━━━━ 3/3 3.6s/it 10.7s
                 Class     Images  Instances      Box(P          R      mAP50  mAP50-95): 100% ━━━━━━━━━━━━ 1/1 2.0s/it 2.0s
                   all         12         12     0.0148          1      0.706      0.652

      Epoch    GPU_mem   box_loss   cls_loss   dfl_loss  Instances       Size
      17/20         0G     0.3421        3.1       0.87         12        640: 100% ━━━━━━━━━━━━ 3/3 3.4s/it 10.3s
                 Class     Images  Instances      Box(P          R      mAP50  mAP50-95): 100% ━━━━━━━━━━━━ 1/1 1.9s/it 1.9s
                   all         12         12      0.014          1      0.746      0.692

      Epoch    GPU_mem   box_loss   cls_loss   dfl_loss  Instances       Size
      18/20         0G     0.3832      2.976     0.8974         12        640: 100% ━━━━━━━━━━━━ 3/3 3.3s/it 10.0s
                 Class     Images  Instances      Box(P          R      mAP50  mAP50-95): 100% ━━━━━━━━━━━━ 1/1 2.0s/it 2.0s
                   all         12         12      0.014          1      0.746      0.692

      Epoch    GPU_mem   box_loss   cls_loss   dfl_loss  Instances       Size
      19/20         0G     0.3267      3.062     0.8666         12        640: 100% ━━━━━━━━━━━━ 3/3 3.3s/it 9.9s
                 Class     Images  Instances      Box(P          R      mAP50  mAP50-95): 100% ━━━━━━━━━━━━ 1/1 1.9s/it 1.9s
                   all         12         12     0.0136          1      0.796      0.741

      Epoch    GPU_mem   box_loss   cls_loss   dfl_loss  Instances       Size
      20/20         0G     0.3524      3.039     0.8611         12        640: 100% ━━━━━━━━━━━━ 3/3 3.4s/it 10.1s
                 Class     Images  Instances      Box(P          R      mAP50  mAP50-95): 100% ━━━━━━━━━━━━ 1/1 1.8s/it 1.8s
                   all         12         12      0.013          1       0.81      0.762

20 epochs completed in 0.053 hours.
Optimizer stripped from C:\Users\luket\runs\detect\train\weights\last.pt, 5.5MB
Optimizer stripped from C:\Users\luket\runs\detect\train\weights\best.pt, 5.5MB

Validating C:\Users\luket\runs\detect\train\weights\best.pt...
Ultralytics 8.4.153  Python-3.14.6 torch-2.14.0+cpu CPU (Intel Core i9-14900HX)
YOLO11n summary (fused): 100 layers, 2,584,492 parameters, 0 gradients, 6.4 GFLOPs
                 Class     Images  Instances      Box(P          R      mAP50  mAP50-95): 100% ━━━━━━━━━━━━ 1/1 1.5s/it 1.5s
                   all         12         12     0.0133          1       0.81      0.762
                 flour          1          1    0.00172          1      0.995      0.995
          basmati_rice          1          1      0.011          1      0.332      0.298
             black_tea          1          1     0.0069          1      0.995      0.995
chicken_flavored_stuffing_mix          1          1    0.00794          1      0.332      0.298
classic_roast_ground_coffee          1          1   0.000922          1      0.995      0.895
   garlic_bread_sticks          1          1      0.027          1      0.995      0.895
instant_mashed_potatoes          1          1       0.05          1      0.995      0.995
traditional_refried_beans          1          1    0.00365          1      0.995      0.796
magic_treasures_cereal          1          1    0.00149          1      0.995      0.895
             raw_honey          1          1    0.00209          1      0.995      0.995
    plain_bread_crumbs          1          1     0.0278          1     0.0995     0.0896
  creamy_peanut_butter          1          1     0.0185          1      0.995      0.995
Speed: 1.3ms preprocess, 39.4ms inference, 0.0ms loss, 9.8ms postprocess per image
Results saved to C:\Users\luket\runs\detect\train